// Jest Snapshot v1, https://goo.gl/fbAQLP

exports[`Response builder should build a response 1`] = `
Object {
  "body": "{
  \\"message\\": \\"Test\\"
}",
  "headers": Object {
    "Content-Type": "application/json",
  },
  "isBase64Encoded": false,
  "statusCode": 200,
}
`;
